288749dd0dc84c4cb710a7bbe83ac512	yes	main	Ubuntu 19.04	rpool/ROOT/ubuntu_1234	/dev/vda2	/BOOT/ubuntu_1234@/initrd.img-5.0.0-13-generic	/BOOT/ubuntu_1234@/vmlinuz-5.0.0-13-generic
288749dd0dc84c4cb710a7bbe83ac512	yes	advanced	Ubuntu 19.04	rpool/ROOT/ubuntu_1234	/dev/vda2	/BOOT/ubuntu_1234@/initrd.img-5.0.0-13-generic	/BOOT/ubuntu_1234@/vmlinuz-5.0.0-13-generic	true
